
19. Executing CHECK pass (checking for obvious problems).
checking module yblock..
Warning: multiple conflicting drivers for yblock.\lin [15]:
    port rout[1] of cell generate_columns[0].generate_rows[7].gencell (ycell)
    module input lin[15]
Warning: multiple conflicting drivers for yblock.\lin [14]:
    port rout[0] of cell generate_columns[0].generate_rows[7].gencell (ycell)
    module input lin[14]
Warning: multiple conflicting drivers for yblock.\lin [13]:
    port rout[1] of cell generate_columns[0].generate_rows[6].gencell (ycell)
    module input lin[13]
Warning: multiple conflicting drivers for yblock.\lin [12]:
    port rout[0] of cell generate_columns[0].generate_rows[6].gencell (ycell)
    module input lin[12]
Warning: multiple conflicting drivers for yblock.\lin [11]:
    port rout[1] of cell generate_columns[0].generate_rows[5].gencell (ycell)
    module input lin[11]
Warning: multiple conflicting drivers for yblock.\lin [10]:
    port rout[0] of cell generate_columns[0].generate_rows[5].gencell (ycell)
    module input lin[10]
Warning: multiple conflicting drivers for yblock.\lin [9]:
    port rout[1] of cell generate_columns[0].generate_rows[4].gencell (ycell)
    module input lin[9]
Warning: multiple conflicting drivers for yblock.\lin [8]:
    port rout[0] of cell generate_columns[0].generate_rows[4].gencell (ycell)
    module input lin[8]
Warning: multiple conflicting drivers for yblock.\lin [7]:
    port rout[1] of cell generate_columns[0].generate_rows[3].gencell (ycell)
    module input lin[7]
Warning: multiple conflicting drivers for yblock.\lin [6]:
    port rout[0] of cell generate_columns[0].generate_rows[3].gencell (ycell)
    module input lin[6]
Warning: multiple conflicting drivers for yblock.\lin [5]:
    port rout[1] of cell generate_columns[0].generate_rows[2].gencell (ycell)
    module input lin[5]
Warning: multiple conflicting drivers for yblock.\lin [4]:
    port rout[0] of cell generate_columns[0].generate_rows[2].gencell (ycell)
    module input lin[4]
Warning: multiple conflicting drivers for yblock.\lin [3]:
    port rout[1] of cell generate_columns[0].generate_rows[1].gencell (ycell)
    module input lin[3]
Warning: multiple conflicting drivers for yblock.\lin [2]:
    port rout[0] of cell generate_columns[0].generate_rows[1].gencell (ycell)
    module input lin[2]
Warning: multiple conflicting drivers for yblock.\lin [1]:
    port rout[1] of cell generate_columns[0].generate_rows[0].gencell (ycell)
    module input lin[1]
Warning: multiple conflicting drivers for yblock.\lin [0]:
    port rout[0] of cell generate_columns[0].generate_rows[0].gencell (ycell)
    module input lin[0]
found and reported 16 problems.
